Archive member included to satisfy reference by file (symbol)

c:/users/kiu/documents/projects/avr8-gnu-toolchain-win32_x86_64/bin/../lib/gcc/avr/7.3.0/avrxmega2\libgcc.a(_exit.o)
                              C:/Program Files/Microchip/MPLABX/v6.20/packs/Microchip/AVR-Dx_DFP/2.4.286/gcc/dev/avr64dd32/avrxmega2/crtavr64dd32.o (exit)
c:/users/kiu/documents/projects/avr8-gnu-toolchain-win32_x86_64/bin/../lib/gcc/avr/7.3.0/avrxmega2\libgcc.a(_copy_data.o)
                              build/default/production/mcc_generated_files/uart/src/usart0.o (__do_copy_data)
c:/users/kiu/documents/projects/avr8-gnu-toolchain-win32_x86_64/bin/../lib/gcc/avr/7.3.0/avrxmega2\libgcc.a(_clear_bss.o)
                              build/default/production/mcc_generated_files/system/src/pins.o (__do_clear_bss)
c:/users/kiu/documents/projects/avr8-gnu-toolchain-win32_x86_64/bin/../lib/gcc/avr/7.3.0/avrxmega2\libgcc.a(_umulhisi3.o)
                              build/default/production/main.o (__umulhisi3)
c:/users/kiu/documents/projects/avr8-gnu-toolchain-win32_x86_64/bin/../lib/gcc/avr/7.3.0/../../../../avr/lib/avrxmega2\libc.a(memcpy.o)
                              build/default/production/_ext/1798121363/kha-stack.o (memcpy)
c:/users/kiu/documents/projects/avr8-gnu-toolchain-win32_x86_64/bin/../lib/gcc/avr/7.3.0/../../../../avr/lib/avrxmega2\libc.a(memset.o)
                              build/default/production/_ext/1798121363/kha-stack.o (memset)

Allocating common symbols
Common symbol       size              file

USART0_RxInterruptHandler
                    0x2               build/default/production/mcc_generated_files/uart/src/usart0.o

Discarded input sections

 .data          0x0000000000000000        0x0 C:/Program Files/Microchip/MPLABX/v6.20/packs/Microchip/AVR-Dx_DFP/2.4.286/gcc/dev/avr64dd32/avrxmega2/crtavr64dd32.o
 .bss           0x0000000000000000        0x0 C:/Program Files/Microchip/MPLABX/v6.20/packs/Microchip/AVR-Dx_DFP/2.4.286/gcc/dev/avr64dd32/avrxmega2/crtavr64dd32.o
 .debug_abbrev  0x0000000000000000     0x20ce C:/Program Files/Microchip/MPLABX/v6.20/packs/Microchip/AVR-Dx_DFP/2.4.286/gcc/dev/avr64dd32/avrxmega2/crtavr64dd32.o
 .debug_info    0x0000000000000000     0x22a4 C:/Program Files/Microchip/MPLABX/v6.20/packs/Microchip/AVR-Dx_DFP/2.4.286/gcc/dev/avr64dd32/avrxmega2/crtavr64dd32.o
 .debug_line    0x0000000000000000      0x16f C:/Program Files/Microchip/MPLABX/v6.20/packs/Microchip/AVR-Dx_DFP/2.4.286/gcc/dev/avr64dd32/avrxmega2/crtavr64dd32.o
 .debug_str     0x0000000000000000      0xefb C:/Program Files/Microchip/MPLABX/v6.20/packs/Microchip/AVR-Dx_DFP/2.4.286/gcc/dev/avr64dd32/avrxmega2/crtavr64dd32.o
 .text          0x0000000000000000        0x0 build/default/production/mcc_generated_files/nvm/src/nvm.o
 .data          0x0000000000000000        0x0 build/default/production/mcc_generated_files/nvm/src/nvm.o
 .bss           0x0000000000000000        0x0 build/default/production/mcc_generated_files/nvm/src/nvm.o
 .text.NVM_StatusGet
                0x0000000000000000        0xe build/default/production/mcc_generated_files/nvm/src/nvm.o
 .text.FLASH_Write
                0x0000000000000000       0x50 build/default/production/mcc_generated_files/nvm/src/nvm.o
 .text.FLASH_RowWrite
                0x0000000000000000       0x84 build/default/production/mcc_generated_files/nvm/src/nvm.o
 .text.FLASH_PageErase
                0x0000000000000000       0x4a build/default/production/mcc_generated_files/nvm/src/nvm.o
 .text.FLASH_IsBusy
                0x0000000000000000        0x8 build/default/production/mcc_generated_files/nvm/src/nvm.o
 .text.FLASH_PageAddressGet
                0x0000000000000000        0xa build/default/production/mcc_generated_files/nvm/src/nvm.o
 .text.FLASH_PageOffsetGet
                0x0000000000000000        0x6 build/default/production/mcc_generated_files/nvm/src/nvm.o
 .text.SIGROW_DeviceIDRead
                0x0000000000000000       0x14 build/default/production/mcc_generated_files/nvm/src/nvm.o
 .text.SIGROW_SerialNumberRead
                0x0000000000000000       0x20 build/default/production/mcc_generated_files/nvm/src/nvm.o
 .text          0x0000000000000000        0x0 build/default/production/mcc_generated_files/system/src/config_bits.o
 .data          0x0000000000000000        0x0 build/default/production/mcc_generated_files/system/src/config_bits.o
 .bss           0x0000000000000000        0x0 build/default/production/mcc_generated_files/system/src/config_bits.o
 .text          0x0000000000000000        0x0 build/default/production/mcc_generated_files/system/src/protected_io.o
 .data          0x0000000000000000        0x0 build/default/production/mcc_generated_files/system/src/protected_io.o
 .bss           0x0000000000000000        0x0 build/default/production/mcc_generated_files/system/src/protected_io.o
 .text          0x0000000000000000        0x0 build/default/production/mcc_generated_files/system/src/system.o
 .data          0x0000000000000000        0x0 build/default/production/mcc_generated_files/system/src/system.o
 .bss           0x0000000000000000        0x0 build/default/production/mcc_generated_files/system/src/system.o
 .text          0x0000000000000000        0x0 build/default/production/mcc_generated_files/system/src/pins.o
 .data          0x0000000000000000        0x0 build/default/production/mcc_generated_files/system/src/pins.o
 .bss           0x0000000000000000        0x0 build/default/production/mcc_generated_files/system/src/pins.o
 .text.IO_PA0_SetInterruptHandler
                0x0000000000000000        0xa build/default/production/mcc_generated_files/system/src/pins.o
 .text.IO_PA3_SetInterruptHandler
                0x0000000000000000        0xa build/default/production/mcc_generated_files/system/src/pins.o
 .text.IO_BTN_CLEAR_SetInterruptHandler
                0x0000000000000000        0xa build/default/production/mcc_generated_files/system/src/pins.o
 .text.IO_DAT_SetInterruptHandler
                0x0000000000000000        0xa build/default/production/mcc_generated_files/system/src/pins.o
 .text.IO_CLK_SetInterruptHandler
                0x0000000000000000        0xa build/default/production/mcc_generated_files/system/src/pins.o
 .text.IO_CS_SetInterruptHandler
                0x0000000000000000        0xa build/default/production/mcc_generated_files/system/src/pins.o
 .text          0x0000000000000000        0x0 build/default/production/mcc_generated_files/system/src/clock.o
 .data          0x0000000000000000        0x0 build/default/production/mcc_generated_files/system/src/clock.o
 .bss           0x0000000000000000        0x0 build/default/production/mcc_generated_files/system/src/clock.o
 .text.CFD_Enable
                0x0000000000000000       0x10 build/default/production/mcc_generated_files/system/src/clock.o
 .text.CFD_Disable
                0x0000000000000000       0x12 build/default/production/mcc_generated_files/system/src/clock.o
 .text          0x0000000000000000        0x0 build/default/production/mcc_generated_files/system/src/interrupt.o
 .data          0x0000000000000000        0x0 build/default/production/mcc_generated_files/system/src/interrupt.o
 .bss           0x0000000000000000        0x0 build/default/production/mcc_generated_files/system/src/interrupt.o
 .text          0x0000000000000000        0x0 build/default/production/mcc_generated_files/timer/src/rtc.o
 .data          0x0000000000000000        0x0 build/default/production/mcc_generated_files/timer/src/rtc.o
 .bss           0x0000000000000000        0x0 build/default/production/mcc_generated_files/timer/src/rtc.o
 .text.RTC_Start
                0x0000000000000000        0xc build/default/production/mcc_generated_files/timer/src/rtc.o
 .text.RTC_Stop
                0x0000000000000000        0xc build/default/production/mcc_generated_files/timer/src/rtc.o
 .text.RTC_SetOVFIsrCallback
                0x0000000000000000        0xa build/default/production/mcc_generated_files/timer/src/rtc.o
 .text.RTC_SetCMPIsrCallback
                0x0000000000000000        0xa build/default/production/mcc_generated_files/timer/src/rtc.o
 .text.RTC_WriteCounter
                0x0000000000000000       0x16 build/default/production/mcc_generated_files/timer/src/rtc.o
 .text.RTC_ReadCounter
                0x0000000000000000        0xa build/default/production/mcc_generated_files/timer/src/rtc.o
 .text.RTC_WritePeriod
                0x0000000000000000       0x16 build/default/production/mcc_generated_files/timer/src/rtc.o
 .text.RTC_ReadPeriod
                0x0000000000000000        0xa build/default/production/mcc_generated_files/timer/src/rtc.o
 .text.RTC_EnableCMPInterrupt
                0x0000000000000000        0xc build/default/production/mcc_generated_files/timer/src/rtc.o
 .text.RTC_DisableCMPInterrupt
                0x0000000000000000        0xc build/default/production/mcc_generated_files/timer/src/rtc.o
 .text.RTC_EnableOVFInterrupt
                0x0000000000000000        0xc build/default/production/mcc_generated_files/timer/src/rtc.o
 .text.RTC_DisableOVFInterrupt
                0x0000000000000000        0xc build/default/production/mcc_generated_files/timer/src/rtc.o
 .text.RTC_EnablePITInterrupt
                0x0000000000000000        0xc build/default/production/mcc_generated_files/timer/src/rtc.o
 .text.RTC_DisablePITInterrupt
                0x0000000000000000        0xc build/default/production/mcc_generated_files/timer/src/rtc.o
 .text.RTC_ClearOVFInterruptFlag
                0x0000000000000000        0x8 build/default/production/mcc_generated_files/timer/src/rtc.o
 .text.RTC_IsOVFInterruptEnabled
                0x0000000000000000        0x8 build/default/production/mcc_generated_files/timer/src/rtc.o
 .text.RTC_WriteCMPRegister
                0x0000000000000000        0xa build/default/production/mcc_generated_files/timer/src/rtc.o
 .text.RTC_ReadCMPRegister
                0x0000000000000000        0xa build/default/production/mcc_generated_files/timer/src/rtc.o
 .text          0x0000000000000000        0x0 build/default/production/mcc_generated_files/timer/src/delay.o
 .data          0x0000000000000000        0x0 build/default/production/mcc_generated_files/timer/src/delay.o
 .bss           0x0000000000000000        0x0 build/default/production/mcc_generated_files/timer/src/delay.o
 .text.DELAY_microseconds
                0x0000000000000000       0x3a build/default/production/mcc_generated_files/timer/src/delay.o
 .text          0x0000000000000000        0x0 build/default/production/mcc_generated_files/timer/src/tca0.o
 .data          0x0000000000000000        0x0 build/default/production/mcc_generated_files/timer/src/tca0.o
 .bss           0x0000000000000000        0x0 build/default/production/mcc_generated_files/timer/src/tca0.o
 .text.TCA0_Deinitialize
                0x0000000000000000       0x3a build/default/production/mcc_generated_files/timer/src/tca0.o
 .text.TCA0_Start
                0x0000000000000000        0xc build/default/production/mcc_generated_files/timer/src/tca0.o
 .text.TCA0_Stop
                0x0000000000000000        0xc build/default/production/mcc_generated_files/timer/src/tca0.o
 .text.TCA0_CounterSet
                0x0000000000000000        0xa build/default/production/mcc_generated_files/timer/src/tca0.o
 .text.TCA0_CounterGet
                0x0000000000000000        0xa build/default/production/mcc_generated_files/timer/src/tca0.o
 .text.TCA0_PeriodSet
                0x0000000000000000        0xa build/default/production/mcc_generated_files/timer/src/tca0.o
 .text.TCA0_PeriodGet
                0x0000000000000000        0xa build/default/production/mcc_generated_files/timer/src/tca0.o
 .text.TCA0_Compare0Set
                0x0000000000000000        0xa build/default/production/mcc_generated_files/timer/src/tca0.o
 .text.TCA0_Compare1Set
                0x0000000000000000        0xa build/default/production/mcc_generated_files/timer/src/tca0.o
 .text.TCA0_Compare2Set
                0x0000000000000000        0xa build/default/production/mcc_generated_files/timer/src/tca0.o
 .text.TCA0_MaxCountGet
                0x0000000000000000        0x6 build/default/production/mcc_generated_files/timer/src/tca0.o
 .text.TCA0_ModeSet
                0x0000000000000000       0x20 build/default/production/mcc_generated_files/timer/src/tca0.o
 .text.TCA0_InterruptEnable
                0x0000000000000000        0x8 build/default/production/mcc_generated_files/timer/src/tca0.o
 .text.TCA0_InterruptDisable
                0x0000000000000000        0x6 build/default/production/mcc_generated_files/timer/src/tca0.o
 .text.TCA0_OverflowCallbackRegister
                0x0000000000000000        0x2 build/default/production/mcc_generated_files/timer/src/tca0.o
 .text.TCA0_Compare1CallbackRegister
                0x0000000000000000        0x2 build/default/production/mcc_generated_files/timer/src/tca0.o
 .text.TCA0_Compare2CallbackRegister
                0x0000000000000000        0x2 build/default/production/mcc_generated_files/timer/src/tca0.o
 .text          0x0000000000000000        0x0 build/default/production/mcc_generated_files/uart/src/usart0.o
 .data          0x0000000000000000        0x0 build/default/production/mcc_generated_files/uart/src/usart0.o
 .bss           0x0000000000000000        0x0 build/default/production/mcc_generated_files/uart/src/usart0.o
 .text.USART0_Deinitialize
                0x0000000000000000       0x1e build/default/production/mcc_generated_files/uart/src/usart0.o
 .text.USART0_TransmitEnable
                0x0000000000000000        0xc build/default/production/mcc_generated_files/uart/src/usart0.o
 .text.USART0_TransmitDisable
                0x0000000000000000        0xc build/default/production/mcc_generated_files/uart/src/usart0.o
 .text.USART0_AutoBaudSet
                0x0000000000000000       0x28 build/default/production/mcc_generated_files/uart/src/usart0.o
 .text.USART0_AutoBaudQuery
                0x0000000000000000        0xa build/default/production/mcc_generated_files/uart/src/usart0.o
 .text.USART0_IsTxDone
                0x0000000000000000        0xc build/default/production/mcc_generated_files/uart/src/usart0.o
 .text.USART0_ErrorGet
                0x0000000000000000       0x28 build/default/production/mcc_generated_files/uart/src/usart0.o
 .text.USART0_FramingErrorCallbackRegister
                0x0000000000000000        0xe build/default/production/mcc_generated_files/uart/src/usart0.o
 .text.USART0_OverrunErrorCallbackRegister
                0x0000000000000000        0xe build/default/production/mcc_generated_files/uart/src/usart0.o
 .text.USART0_ParityErrorCallbackRegister
                0x0000000000000000        0xe build/default/production/mcc_generated_files/uart/src/usart0.o
 .text.USART0_RxCompleteCallbackRegister
                0x0000000000000000        0xe build/default/production/mcc_generated_files/uart/src/usart0.o
 .text.USART0_Enable
                0x0000000000000000        0xc build/default/production/mcc_generated_files/uart/src/usart0.o
 .text.USART0_Disable
                0x0000000000000000        0xc build/default/production/mcc_generated_files/uart/src/usart0.o
 .text.USART0_ReceiveEnable
                0x0000000000000000        0xc build/default/production/mcc_generated_files/uart/src/usart0.o
 .text.USART0_ReceiveDisable
                0x0000000000000000        0xc build/default/production/mcc_generated_files/uart/src/usart0.o
 .text.USART0_IsAutoBaudDetectError
                0x0000000000000000        0xc build/default/production/mcc_generated_files/uart/src/usart0.o
 .text.USART0_AutoBaudDetectErrorReset
                0x0000000000000000       0x28 build/default/production/mcc_generated_files/uart/src/usart0.o
 .text.USART0_ReceiveInterruptEnable
                0x0000000000000000        0xc build/default/production/mcc_generated_files/uart/src/usart0.o
 .text.USART0_ReceiveInterruptDisable
                0x0000000000000000        0xc build/default/production/mcc_generated_files/uart/src/usart0.o
 .rodata.UART0  0x0000000000000000       0x30 build/default/production/mcc_generated_files/uart/src/usart0.o
 .text          0x0000000000000000        0x0 build/default/production/main.o
 .data          0x0000000000000000        0x0 build/default/production/main.o
 .bss           0x0000000000000000        0x0 build/default/production/main.o
 .text          0x0000000000000000        0x0 build/default/production/_ext/1798121363/kha-stack.o
 .data          0x0000000000000000        0x0 build/default/production/_ext/1798121363/kha-stack.o
 .bss           0x0000000000000000        0x0 build/default/production/_ext/1798121363/kha-stack.o
 .text.kha_stack_cbr_log
                0x0000000000000000        0xa build/default/production/_ext/1798121363/kha-stack.o
 .text.kha_stack_board_match
                0x0000000000000000       0x26 build/default/production/_ext/1798121363/kha-stack.o
 .text.kha_stack_device_group_get
                0x0000000000000000        0x6 build/default/production/_ext/1798121363/kha-stack.o
 .text.kha_stack_board_type_get
                0x0000000000000000        0x6 build/default/production/_ext/1798121363/kha-stack.o
 .text.kha_stack_board_rev_get
                0x0000000000000000        0x6 build/default/production/_ext/1798121363/kha-stack.o
 .text.kha_stack_app_led_hsi_cbr
                0x0000000000000000        0xa build/default/production/_ext/1798121363/kha-stack.o
 .text.kha_stack_app_led_animation_cbr
                0x0000000000000000        0xa build/default/production/_ext/1798121363/kha-stack.o
 .text.kha_stack_preset_cbr_change
                0x0000000000000000        0xa build/default/production/_ext/1798121363/kha-stack.o
 .text.kha_stack_preset
                0x0000000000000000        0x6 build/default/production/_ext/1798121363/kha-stack.o
 .text.kha_stack_rx_cbr_msg_all
                0x0000000000000000        0xa build/default/production/_ext/1798121363/kha-stack.o
 .text.kha_stack_rx_cbr_msg_matched
                0x0000000000000000        0xa build/default/production/_ext/1798121363/kha-stack.o
 .text.kha_stack_rx_cbr_msg_unprocessed
                0x0000000000000000        0xa build/default/production/_ext/1798121363/kha-stack.o
 .text.kha_stack_tx_cbr_msg_all
                0x0000000000000000        0xa build/default/production/_ext/1798121363/kha-stack.o
 .text.kha_stack_userrow_data
                0x0000000000000000       0x28 build/default/production/_ext/1798121363/kha-stack.o
 .text.kha_stack_ui_disable
                0x0000000000000000       0x2e build/default/production/_ext/1798121363/kha-stack.o
 .text          0x0000000000000000        0x0 c:/users/kiu/documents/projects/avr8-gnu-toolchain-win32_x86_64/bin/../lib/gcc/avr/7.3.0/avrxmega2\libgcc.a(_exit.o)
 .data          0x0000000000000000        0x0 c:/users/kiu/documents/projects/avr8-gnu-toolchain-win32_x86_64/bin/../lib/gcc/avr/7.3.0/avrxmega2\libgcc.a(_exit.o)
 .bss           0x0000000000000000        0x0 c:/users/kiu/documents/projects/avr8-gnu-toolchain-win32_x86_64/bin/../lib/gcc/avr/7.3.0/avrxmega2\libgcc.a(_exit.o)
 .text.libgcc.mul
                0x0000000000000000        0x0 c:/users/kiu/documents/projects/avr8-gnu-toolchain-win32_x86_64/bin/../lib/gcc/avr/7.3.0/avrxmega2\libgcc.a(_exit.o)
 .text.libgcc.div
                0x0000000000000000        0x0 c:/users/kiu/documents/projects/avr8-gnu-toolchain-win32_x86_64/bin/../lib/gcc/avr/7.3.0/avrxmega2\libgcc.a(_exit.o)
 .text.libgcc   0x0000000000000000        0x0 c:/users/kiu/documents/projects/avr8-gnu-toolchain-win32_x86_64/bin/../lib/gcc/avr/7.3.0/avrxmega2\libgcc.a(_exit.o)
 .text.libgcc.prologue
                0x0000000000000000        0x0 c:/users/kiu/documents/projects/avr8-gnu-toolchain-win32_x86_64/bin/../lib/gcc/avr/7.3.0/avrxmega2\libgcc.a(_exit.o)
 .text.libgcc.builtins
                0x0000000000000000        0x0 c:/users/kiu/documents/projects/avr8-gnu-toolchain-win32_x86_64/bin/../lib/gcc/avr/7.3.0/avrxmega2\libgcc.a(_exit.o)
 .text.libgcc.fmul
                0x0000000000000000        0x0 c:/users/kiu/documents/projects/avr8-gnu-toolchain-win32_x86_64/bin/../lib/gcc/avr/7.3.0/avrxmega2\libgcc.a(_exit.o)
 .text.libgcc.fixed
                0x0000000000000000        0x0 c:/users/kiu/documents/projects/avr8-gnu-toolchain-win32_x86_64/bin/../lib/gcc/avr/7.3.0/avrxmega2\libgcc.a(_exit.o)
 .text          0x0000000000000000        0x0 c:/users/kiu/documents/projects/avr8-gnu-toolchain-win32_x86_64/bin/../lib/gcc/avr/7.3.0/avrxmega2\libgcc.a(_copy_data.o)
 .data          0x0000000000000000        0x0 c:/users/kiu/documents/projects/avr8-gnu-toolchain-win32_x86_64/bin/../lib/gcc/avr/7.3.0/avrxmega2\libgcc.a(_copy_data.o)
 .bss           0x0000000000000000        0x0 c:/users/kiu/documents/projects/avr8-gnu-toolchain-win32_x86_64/bin/../lib/gcc/avr/7.3.0/avrxmega2\libgcc.a(_copy_data.o)
 .text.libgcc.mul
                0x0000000000000000        0x0 c:/users/kiu/documents/projects/avr8-gnu-toolchain-win32_x86_64/bin/../lib/gcc/avr/7.3.0/avrxmega2\libgcc.a(_copy_data.o)
 .text.libgcc.div
                0x0000000000000000        0x0 c:/users/kiu/documents/projects/avr8-gnu-toolchain-win32_x86_64/bin/../lib/gcc/avr/7.3.0/avrxmega2\libgcc.a(_copy_data.o)
 .text.libgcc   0x0000000000000000        0x0 c:/users/kiu/documents/projects/avr8-gnu-toolchain-win32_x86_64/bin/../lib/gcc/avr/7.3.0/avrxmega2\libgcc.a(_copy_data.o)
 .text.libgcc.prologue
                0x0000000000000000        0x0 c:/users/kiu/documents/projects/avr8-gnu-toolchain-win32_x86_64/bin/../lib/gcc/avr/7.3.0/avrxmega2\libgcc.a(_copy_data.o)
 .text.libgcc.builtins
                0x0000000000000000        0x0 c:/users/kiu/documents/projects/avr8-gnu-toolchain-win32_x86_64/bin/../lib/gcc/avr/7.3.0/avrxmega2\libgcc.a(_copy_data.o)
 .text.libgcc.fmul
                0x0000000000000000        0x0 c:/users/kiu/documents/projects/avr8-gnu-toolchain-win32_x86_64/bin/../lib/gcc/avr/7.3.0/avrxmega2\libgcc.a(_copy_data.o)
 .text.libgcc.fixed
                0x0000000000000000        0x0 c:/users/kiu/documents/projects/avr8-gnu-toolchain-win32_x86_64/bin/../lib/gcc/avr/7.3.0/avrxmega2\libgcc.a(_copy_data.o)
 .text          0x0000000000000000        0x0 c:/users/kiu/documents/projects/avr8-gnu-toolchain-win32_x86_64/bin/../lib/gcc/avr/7.3.0/avrxmega2\libgcc.a(_clear_bss.o)
 .data          0x0000000000000000        0x0 c:/users/kiu/documents/projects/avr8-gnu-toolchain-win32_x86_64/bin/../lib/gcc/avr/7.3.0/avrxmega2\libgcc.a(_clear_bss.o)
 .bss           0x0000000000000000        0x0 c:/users/kiu/documents/projects/avr8-gnu-toolchain-win32_x86_64/bin/../lib/gcc/avr/7.3.0/avrxmega2\libgcc.a(_clear_bss.o)
 .text.libgcc.mul
                0x0000000000000000        0x0 c:/users/kiu/documents/projects/avr8-gnu-toolchain-win32_x86_64/bin/../lib/gcc/avr/7.3.0/avrxmega2\libgcc.a(_clear_bss.o)
 .text.libgcc.div
                0x0000000000000000        0x0 c:/users/kiu/documents/projects/avr8-gnu-toolchain-win32_x86_64/bin/../lib/gcc/avr/7.3.0/avrxmega2\libgcc.a(_clear_bss.o)
 .text.libgcc   0x0000000000000000        0x0 c:/users/kiu/documents/projects/avr8-gnu-toolchain-win32_x86_64/bin/../lib/gcc/avr/7.3.0/avrxmega2\libgcc.a(_clear_bss.o)
 .text.libgcc.prologue
                0x0000000000000000        0x0 c:/users/kiu/documents/projects/avr8-gnu-toolchain-win32_x86_64/bin/../lib/gcc/avr/7.3.0/avrxmega2\libgcc.a(_clear_bss.o)
 .text.libgcc.builtins
                0x0000000000000000        0x0 c:/users/kiu/documents/projects/avr8-gnu-toolchain-win32_x86_64/bin/../lib/gcc/avr/7.3.0/avrxmega2\libgcc.a(_clear_bss.o)
 .text.libgcc.fmul
                0x0000000000000000        0x0 c:/users/kiu/documents/projects/avr8-gnu-toolchain-win32_x86_64/bin/../lib/gcc/avr/7.3.0/avrxmega2\libgcc.a(_clear_bss.o)
 .text.libgcc.fixed
                0x0000000000000000        0x0 c:/users/kiu/documents/projects/avr8-gnu-toolchain-win32_x86_64/bin/../lib/gcc/avr/7.3.0/avrxmega2\libgcc.a(_clear_bss.o)
 .text          0x0000000000000000        0x0 c:/users/kiu/documents/projects/avr8-gnu-toolchain-win32_x86_64/bin/../lib/gcc/avr/7.3.0/avrxmega2\libgcc.a(_umulhisi3.o)
 .data          0x0000000000000000        0x0 c:/users/kiu/documents/projects/avr8-gnu-toolchain-win32_x86_64/bin/../lib/gcc/avr/7.3.0/avrxmega2\libgcc.a(_umulhisi3.o)
 .bss           0x0000000000000000        0x0 c:/users/kiu/documents/projects/avr8-gnu-toolchain-win32_x86_64/bin/../lib/gcc/avr/7.3.0/avrxmega2\libgcc.a(_umulhisi3.o)
 .text.libgcc.div
                0x0000000000000000        0x0 c:/users/kiu/documents/projects/avr8-gnu-toolchain-win32_x86_64/bin/../lib/gcc/avr/7.3.0/avrxmega2\libgcc.a(_umulhisi3.o)
 .text.libgcc   0x0000000000000000        0x0 c:/users/kiu/documents/projects/avr8-gnu-toolchain-win32_x86_64/bin/../lib/gcc/avr/7.3.0/avrxmega2\libgcc.a(_umulhisi3.o)
 .text.libgcc.prologue
                0x0000000000000000        0x0 c:/users/kiu/documents/projects/avr8-gnu-toolchain-win32_x86_64/bin/../lib/gcc/avr/7.3.0/avrxmega2\libgcc.a(_umulhisi3.o)
 .text.libgcc.builtins
                0x0000000000000000        0x0 c:/users/kiu/documents/projects/avr8-gnu-toolchain-win32_x86_64/bin/../lib/gcc/avr/7.3.0/avrxmega2\libgcc.a(_umulhisi3.o)
 .text.libgcc.fmul
                0x0000000000000000        0x0 c:/users/kiu/documents/projects/avr8-gnu-toolchain-win32_x86_64/bin/../lib/gcc/avr/7.3.0/avrxmega2\libgcc.a(_umulhisi3.o)
 .text.libgcc.fixed
                0x0000000000000000        0x0 c:/users/kiu/documents/projects/avr8-gnu-toolchain-win32_x86_64/bin/../lib/gcc/avr/7.3.0/avrxmega2\libgcc.a(_umulhisi3.o)
 .text          0x0000000000000000        0x0 c:/users/kiu/documents/projects/avr8-gnu-toolchain-win32_x86_64/bin/../lib/gcc/avr/7.3.0/../../../../avr/lib/avrxmega2\libc.a(memcpy.o)
 .data          0x0000000000000000        0x0 c:/users/kiu/documents/projects/avr8-gnu-toolchain-win32_x86_64/bin/../lib/gcc/avr/7.3.0/../../../../avr/lib/avrxmega2\libc.a(memcpy.o)
 .bss           0x0000000000000000        0x0 c:/users/kiu/documents/projects/avr8-gnu-toolchain-win32_x86_64/bin/../lib/gcc/avr/7.3.0/../../../../avr/lib/avrxmega2\libc.a(memcpy.o)
 .text          0x0000000000000000        0x0 c:/users/kiu/documents/projects/avr8-gnu-toolchain-win32_x86_64/bin/../lib/gcc/avr/7.3.0/../../../../avr/lib/avrxmega2\libc.a(memset.o)
 .data          0x0000000000000000        0x0 c:/users/kiu/documents/projects/avr8-gnu-toolchain-win32_x86_64/bin/../lib/gcc/avr/7.3.0/../../../../avr/lib/avrxmega2\libc.a(memset.o)
 .bss           0x0000000000000000        0x0 c:/users/kiu/documents/projects/avr8-gnu-toolchain-win32_x86_64/bin/../lib/gcc/avr/7.3.0/../../../../avr/lib/avrxmega2\libc.a(memset.o)

Memory Configuration

Name             Origin             Length             Attributes
text             0x0000000000000000 0x0000000000010000 xr
data             0x0000000000806000 0x0000000000002000 rw !x
eeprom           0x0000000000810000 0x0000000000000100 rw !x
fuse             0x0000000000820000 0x0000000000000010 rw !x
lock             0x0000000000830000 0x0000000000000400 rw !x
signature        0x0000000000840000 0x0000000000000400 rw !x
user_signatures  0x0000000000850000 0x0000000000000400 rw !x
*default*        0x0000000000000000 0xffffffffffffffff

Linker script and memory map

Address of section .data set to 0x806000
                0x0000000000008000                __RODATA_PM_OFFSET__ = 0x8000
LOAD C:/Program Files/Microchip/MPLABX/v6.20/packs/Microchip/AVR-Dx_DFP/2.4.286/gcc/dev/avr64dd32/avrxmega2/crtavr64dd32.o
LOAD build/default/production/mcc_generated_files/nvm/src/nvm.o
LOAD build/default/production/mcc_generated_files/system/src/config_bits.o
LOAD build/default/production/mcc_generated_files/system/src/protected_io.o
LOAD build/default/production/mcc_generated_files/system/src/system.o
LOAD build/default/production/mcc_generated_files/system/src/pins.o
LOAD build/default/production/mcc_generated_files/system/src/clock.o
LOAD build/default/production/mcc_generated_files/system/src/interrupt.o
LOAD build/default/production/mcc_generated_files/timer/src/rtc.o
LOAD build/default/production/mcc_generated_files/timer/src/delay.o
LOAD build/default/production/mcc_generated_files/timer/src/tca0.o
LOAD build/default/production/mcc_generated_files/uart/src/usart0.o
LOAD build/default/production/main.o
LOAD build/default/production/_ext/1798121363/kha-stack.o
                0x0000000000000001                __MPLAB_BUILD = 0x1
START GROUP
LOAD c:/users/kiu/documents/projects/avr8-gnu-toolchain-win32_x86_64/bin/../lib/gcc/avr/7.3.0/../../../../avr/lib/avrxmega2\libm.a
END GROUP
START GROUP
LOAD c:/users/kiu/documents/projects/avr8-gnu-toolchain-win32_x86_64/bin/../lib/gcc/avr/7.3.0/avrxmega2\libgcc.a
LOAD c:/users/kiu/documents/projects/avr8-gnu-toolchain-win32_x86_64/bin/../lib/gcc/avr/7.3.0/../../../../avr/lib/avrxmega2\libm.a
LOAD c:/users/kiu/documents/projects/avr8-gnu-toolchain-win32_x86_64/bin/../lib/gcc/avr/7.3.0/../../../../avr/lib/avrxmega2\libc.a
LOAD C:/Program Files/Microchip/MPLABX/v6.20/packs/Microchip/AVR-Dx_DFP/2.4.286/gcc/dev/avr64dd32/avrxmega2\libavr64dd32.a
END GROUP
Address of section .text set to 0x4000
                [0x0000000000000000]                __TEXT_REGION_ORIGIN__ = DEFINED (__TEXT_REGION_ORIGIN__)?__TEXT_REGION_ORIGIN__:0x0
                [0x0000000000806000]                __DATA_REGION_ORIGIN__ = DEFINED (__DATA_REGION_ORIGIN__)?__DATA_REGION_ORIGIN__:0x802000
                [0x0000000000010000]                __TEXT_REGION_LENGTH__ = DEFINED (__TEXT_REGION_LENGTH__)?__TEXT_REGION_LENGTH__:0x100000
                [0x0000000000002000]                __DATA_REGION_LENGTH__ = DEFINED (__DATA_REGION_LENGTH__)?__DATA_REGION_LENGTH__:0xffa0
                [0x0000000000000100]                __EEPROM_REGION_LENGTH__ = DEFINED (__EEPROM_REGION_LENGTH__)?__EEPROM_REGION_LENGTH__:0x10000
                [0x0000000000000010]                __FUSE_REGION_LENGTH__ = DEFINED (__FUSE_REGION_LENGTH__)?__FUSE_REGION_LENGTH__:0x400
                0x0000000000000400                __LOCK_REGION_LENGTH__ = DEFINED (__LOCK_REGION_LENGTH__)?__LOCK_REGION_LENGTH__:0x400
                0x0000000000000400                __SIGNATURE_REGION_LENGTH__ = DEFINED (__SIGNATURE_REGION_LENGTH__)?__SIGNATURE_REGION_LENGTH__:0x400
                0x0000000000000400                __USER_SIGNATURE_REGION_LENGTH__ = DEFINED (__USER_SIGNATURE_REGION_LENGTH__)?__USER_SIGNATURE_REGION_LENGTH__:0x400

.hash
 *(.hash)

.dynsym
 *(.dynsym)

.dynstr
 *(.dynstr)

.gnu.version
 *(.gnu.version)

.gnu.version_d
 *(.gnu.version_d)

.gnu.version_r
 *(.gnu.version_r)

.rel.init
 *(.rel.init)

.rela.init
 *(.rela.init)

.rel.text
 *(.rel.text)
 *(.rel.text.*)
 *(.rel.gnu.linkonce.t*)

.rela.text
 *(.rela.text)
 *(.rela.text.*)
 *(.rela.gnu.linkonce.t*)

.rel.fini
 *(.rel.fini)

.rela.fini
 *(.rela.fini)

.rel.rodata
 *(.rel.rodata)
 *(.rel.rodata.*)
 *(.rel.gnu.linkonce.r*)

.rela.rodata
 *(.rela.rodata)
 *(.rela.rodata.*)
 *(.rela.gnu.linkonce.r*)

.rel.data
 *(.rel.data)
 *(.rel.data.*)
 *(.rel.gnu.linkonce.d*)

.rela.data
 *(.rela.data)
 *(.rela.data.*)
 *(.rela.gnu.linkonce.d*)

.rel.ctors
 *(.rel.ctors)

.rela.ctors
 *(.rela.ctors)

.rel.dtors
 *(.rel.dtors)

.rela.dtors
 *(.rela.dtors)

.rel.got
 *(.rel.got)

.rela.got
 *(.rela.got)

.rel.bss
 *(.rel.bss)

.rela.bss
 *(.rela.bss)

.rel.plt
 *(.rel.plt)

.rela.plt
 *(.rela.plt)

.text           0x0000000000004000     0x1f2a
 *(.vectors)
 .vectors       0x0000000000004000       0x90 C:/Program Files/Microchip/MPLABX/v6.20/packs/Microchip/AVR-Dx_DFP/2.4.286/gcc/dev/avr64dd32/avrxmega2/crtavr64dd32.o
                0x0000000000004000                __vector_default
                0x0000000000004000                __vectors
 *(.vectors)
 *(.progmem.gcc*)
                0x0000000000004090                . = ALIGN (0x2)
                0x0000000000004090                __trampolines_start = .
 *(.trampolines)
 .trampolines   0x0000000000004090        0x0 linker stubs
 *(.trampolines*)
                0x0000000000004090                __trampolines_end = .
 *libprintf_flt.a:*(.progmem.data)
 *libc.a:*(.progmem.data)
 *(.progmem*)
                0x0000000000004090                . = ALIGN (0x2)
 *(.jumptables)
 *(.jumptables*)
 *(.lowtext)
 *(.lowtext*)
                0x0000000000004090                __ctors_start = .
 *(.ctors)
                0x0000000000004090                __ctors_end = .
                0x0000000000004090                __dtors_start = .
 *(.dtors)
                0x0000000000004090                __dtors_end = .
 SORT(*)(.ctors)
 SORT(*)(.dtors)
 *(.init0)
 .init0         0x0000000000004090        0x0 C:/Program Files/Microchip/MPLABX/v6.20/packs/Microchip/AVR-Dx_DFP/2.4.286/gcc/dev/avr64dd32/avrxmega2/crtavr64dd32.o
                0x0000000000004090                __init
 *(.init0)
 *(.init1)
 *(.init1)
 *(.init2)
 .init2         0x0000000000004090        0xc C:/Program Files/Microchip/MPLABX/v6.20/packs/Microchip/AVR-Dx_DFP/2.4.286/gcc/dev/avr64dd32/avrxmega2/crtavr64dd32.o
 *(.init2)
 *(.init3)
 *(.init3)
 *(.init4)
 .init4         0x000000000000409c       0x16 c:/users/kiu/documents/projects/avr8-gnu-toolchain-win32_x86_64/bin/../lib/gcc/avr/7.3.0/avrxmega2\libgcc.a(_copy_data.o)
                0x000000000000409c                __do_copy_data
 .init4         0x00000000000040b2       0x10 c:/users/kiu/documents/projects/avr8-gnu-toolchain-win32_x86_64/bin/../lib/gcc/avr/7.3.0/avrxmega2\libgcc.a(_clear_bss.o)
                0x00000000000040b2                __do_clear_bss
 *(.init4)
 *(.init5)
 *(.init5)
 *(.init6)
 *(.init6)
 *(.init7)
 *(.init7)
 *(.init8)
 *(.init8)
 *(.init9)
 .init9         0x00000000000040c2        0x8 C:/Program Files/Microchip/MPLABX/v6.20/packs/Microchip/AVR-Dx_DFP/2.4.286/gcc/dev/avr64dd32/avrxmega2/crtavr64dd32.o
 *(.init9)
 *(.text)
 .text          0x00000000000040ca        0x4 C:/Program Files/Microchip/MPLABX/v6.20/packs/Microchip/AVR-Dx_DFP/2.4.286/gcc/dev/avr64dd32/avrxmega2/crtavr64dd32.o
                0x00000000000040ca                __vector_22
                0x00000000000040ca                __vector_28
                0x00000000000040ca                __vector_1
                0x00000000000040ca                __vector_32
                0x00000000000040ca                __vector_12
                0x00000000000040ca                __bad_interrupt
                0x00000000000040ca                __vector_31
                0x00000000000040ca                __vector_35
                0x00000000000040ca                __vector_3
                0x00000000000040ca                __vector_23
                0x00000000000040ca                __vector_30
                0x00000000000040ca                __vector_25
                0x00000000000040ca                __vector_13
                0x00000000000040ca                __vector_17
                0x00000000000040ca                __vector_19
                0x00000000000040ca                __vector_7
                0x00000000000040ca                __vector_27
                0x00000000000040ca                __vector_33
                0x00000000000040ca                __vector_4
                0x00000000000040ca                __vector_9
                0x00000000000040ca                __vector_2
                0x00000000000040ca                __vector_15
                0x00000000000040ca                __vector_26
                0x00000000000040ca                __vector_14
                0x00000000000040ca                __vector_10
                0x00000000000040ca                __vector_16
                0x00000000000040ca                __vector_18
                0x00000000000040ca                __vector_20
                0x00000000000040ce                . = ALIGN (0x2)
 *(.text.*)
 .text.NVM_StatusClear
                0x00000000000040ce        0xc build/default/production/mcc_generated_files/nvm/src/nvm.o
                0x00000000000040ce                NVM_StatusClear
 .text.NVM_Initialize
                0x00000000000040da        0xa build/default/production/mcc_generated_files/nvm/src/nvm.o
                0x00000000000040da                NVM_Initialize
 .text.FLASH_Read
                0x00000000000040e4        0x6 build/default/production/mcc_generated_files/nvm/src/nvm.o
                0x00000000000040e4                FLASH_Read
 .text.EEPROM_Read
                0x00000000000040ea        0x6 build/default/production/mcc_generated_files/nvm/src/nvm.o
                0x00000000000040ea                EEPROM_Read
 .text.EEPROM_Write
                0x00000000000040f0       0x2c build/default/production/mcc_generated_files/nvm/src/nvm.o
                0x00000000000040f0                EEPROM_Write
 .text.EEPROM_IsBusy
                0x000000000000411c        0xa build/default/production/mcc_generated_files/nvm/src/nvm.o
                0x000000000000411c                EEPROM_IsBusy
 .text.SIGROW_Read
                0x0000000000004126        0x6 build/default/production/mcc_generated_files/nvm/src/nvm.o
                0x0000000000004126                SIGROW_Read
 .text.protected_write_io
                0x000000000000412c        0x8 build/default/production/mcc_generated_files/system/src/protected_io.o
                0x000000000000412c                protected_write_io
 .text.WDT_Initialize
                0x0000000000004134       0x1c build/default/production/mcc_generated_files/system/src/system.o
                0x0000000000004134                WDT_Initialize
 .text.SYSTEM_Initialize
                0x0000000000004150       0x22 build/default/production/mcc_generated_files/system/src/system.o
                0x0000000000004150                SYSTEM_Initialize
 .text.IO_PA1_DefaultInterruptHandler
                0x0000000000004172        0x2 build/default/production/mcc_generated_files/system/src/pins.o
                0x0000000000004172                IO_PA1_DefaultInterruptHandler
 .text.IO_PA0_DefaultInterruptHandler
                0x0000000000004174        0x2 build/default/production/mcc_generated_files/system/src/pins.o
                0x0000000000004174                IO_PA0_DefaultInterruptHandler
 .text.IO_PA3_DefaultInterruptHandler
                0x0000000000004176        0x2 build/default/production/mcc_generated_files/system/src/pins.o
                0x0000000000004176                IO_PA3_DefaultInterruptHandler
 .text.IO_BTN_CLEAR_DefaultInterruptHandler
                0x0000000000004178        0x2 build/default/production/mcc_generated_files/system/src/pins.o
                0x0000000000004178                IO_BTN_CLEAR_DefaultInterruptHandler
 .text.IO_DAT_DefaultInterruptHandler
                0x000000000000417a        0x2 build/default/production/mcc_generated_files/system/src/pins.o
                0x000000000000417a                IO_DAT_DefaultInterruptHandler
 .text.IO_CLK_DefaultInterruptHandler
                0x000000000000417c        0x2 build/default/production/mcc_generated_files/system/src/pins.o
                0x000000000000417c                IO_CLK_DefaultInterruptHandler
 .text.IO_CS_DefaultInterruptHandler
                0x000000000000417e        0x2 build/default/production/mcc_generated_files/system/src/pins.o
                0x000000000000417e                IO_CS_DefaultInterruptHandler
 .text.PIN_MANAGER_Initialize
                0x0000000000004180      0x106 build/default/production/mcc_generated_files/system/src/pins.o
                0x0000000000004180                PIN_MANAGER_Initialize
 .text.IO_PA1_SetInterruptHandler
                0x0000000000004286        0xa build/default/production/mcc_generated_files/system/src/pins.o
                0x0000000000004286                IO_PA1_SetInterruptHandler
 .text.__vector_8
                0x0000000000004290       0x9c build/default/production/mcc_generated_files/system/src/pins.o
                0x0000000000004290                __vector_8
 .text.__vector_29
                0x000000000000432c       0x1c build/default/production/mcc_generated_files/system/src/pins.o
                0x000000000000432c                __vector_29
 .text.__vector_24
                0x0000000000004348       0x1c build/default/production/mcc_generated_files/system/src/pins.o
                0x0000000000004348                __vector_24
 .text.__vector_34
                0x0000000000004364       0x56 build/default/production/mcc_generated_files/system/src/pins.o
                0x0000000000004364                __vector_34
 .text.CLOCK_Initialize
                0x00000000000043ba       0x90 build/default/production/mcc_generated_files/system/src/clock.o
                0x00000000000043ba                CLOCK_Initialize
 .text.CPUINT_Initialize
                0x000000000000444a       0x18 build/default/production/mcc_generated_files/system/src/interrupt.o
                0x000000000000444a                CPUINT_Initialize
 .text.RTC_Initialize
                0x0000000000004462       0x40 build/default/production/mcc_generated_files/timer/src/rtc.o
                0x0000000000004462                RTC_Initialize
 .text.RTC_SetPITIsrCallback
                0x00000000000044a2        0xa build/default/production/mcc_generated_files/timer/src/rtc.o
                0x00000000000044a2                RTC_SetPITIsrCallback
 .text.__vector_5
                0x00000000000044ac       0x86 build/default/production/mcc_generated_files/timer/src/rtc.o
                0x00000000000044ac                __vector_5
 .text.__vector_6
                0x0000000000004532       0x58 build/default/production/mcc_generated_files/timer/src/rtc.o
                0x0000000000004532                __vector_6
 .text.DELAY_milliseconds
                0x000000000000458a       0x1e build/default/production/mcc_generated_files/timer/src/delay.o
                0x000000000000458a                DELAY_milliseconds
 .text.TCA0_Initialize
                0x00000000000045a8       0x3c build/default/production/mcc_generated_files/timer/src/tca0.o
                0x00000000000045a8                TCA0_Initialize
 .text.__vector_11
                0x00000000000045e4       0x58 build/default/production/mcc_generated_files/timer/src/tca0.o
                0x00000000000045e4                __vector_11
 .text.TCA0_Compare0CallbackRegister
                0x000000000000463c        0xa build/default/production/mcc_generated_files/timer/src/tca0.o
                0x000000000000463c                TCA0_Compare0CallbackRegister
 .text.USART0_IsRxReady
                0x0000000000004646       0x12 build/default/production/mcc_generated_files/uart/src/usart0.o
                0x0000000000004646                USART0_IsRxReady
 .text.USART0_IsTxReady
                0x0000000000004658        0xc build/default/production/mcc_generated_files/uart/src/usart0.o
                0x0000000000004658                USART0_IsTxReady
 .text.USART0_Read
                0x0000000000004664       0x5a build/default/production/mcc_generated_files/uart/src/usart0.o
                0x0000000000004664                USART0_Read
 .text.USART0_ReceiveISR
                0x00000000000046be       0xe2 build/default/production/mcc_generated_files/uart/src/usart0.o
                0x00000000000046be                USART0_ReceiveISR
 .text.USART0_Write
                0x00000000000047a0        0x6 build/default/production/mcc_generated_files/uart/src/usart0.o
                0x00000000000047a0                USART0_Write
 .text.USART0_DefaultFramingErrorCallback
                0x00000000000047a6        0x2 build/default/production/mcc_generated_files/uart/src/usart0.o
 .text.USART0_DefaultOverrunErrorCallback
                0x00000000000047a8        0x2 build/default/production/mcc_generated_files/uart/src/usart0.o
 .text.USART0_DefaultParityErrorCallback
                0x00000000000047aa        0x2 build/default/production/mcc_generated_files/uart/src/usart0.o
 .text.USART0_Initialize
                0x00000000000047ac       0x78 build/default/production/mcc_generated_files/uart/src/usart0.o
                0x00000000000047ac                USART0_Initialize
 .text.__vector_21
                0x0000000000004824       0x48 build/default/production/mcc_generated_files/uart/src/usart0.o
                0x0000000000004824                __vector_21
 .text.key_pressed
                0x000000000000486c       0x12 build/default/production/main.o
                0x000000000000486c                key_pressed
 .text.key_tick
                0x000000000000487e       0xae build/default/production/main.o
                0x000000000000487e                key_tick
 .text.sendRaw  0x000000000000492c       0x4e build/default/production/main.o
                0x000000000000492c                sendRaw
 .text.sendTM1620Cmd
                0x000000000000497a       0x18 build/default/production/main.o
                0x000000000000497a                sendTM1620Cmd
 .text.sendTM1620CmdData
                0x0000000000004992       0x24 build/default/production/main.o
                0x0000000000004992                sendTM1620CmdData
 .text.update_ui
                0x00000000000049b6       0x9a build/default/production/main.o
                0x00000000000049b6                update_ui
 .text.register_change
                0x0000000000004a50       0x46 build/default/production/main.o
                0x0000000000004a50                register_change
 .text.rx_all   0x0000000000004a96      0x118 build/default/production/main.o
                0x0000000000004a96                rx_all
 .text.main     0x0000000000004bae      0x10c build/default/production/main.o
                0x0000000000004bae                main
 .text.kha_stack_tick
                0x0000000000004cba       0x2a build/default/production/_ext/1798121363/kha-stack.o
                0x0000000000004cba                kha_stack_tick
 .text.kha_stack_rx_detect
                0x0000000000004ce4        0xa build/default/production/_ext/1798121363/kha-stack.o
                0x0000000000004ce4                kha_stack_rx_detect
 .text.kha_stack_ui_cbr_change
                0x0000000000004cee        0xa build/default/production/_ext/1798121363/kha-stack.o
                0x0000000000004cee                kha_stack_ui_cbr_change
 .text.kha_stack_ui_enabled
                0x0000000000004cf8        0x6 build/default/production/_ext/1798121363/kha-stack.o
                0x0000000000004cf8                kha_stack_ui_enabled
 .text.kha_stack_crc8
                0x0000000000004cfe       0x3a build/default/production/_ext/1798121363/kha-stack.o
                0x0000000000004cfe                kha_stack_crc8
 .text.kha_stack_crc32
                0x0000000000004d38       0x4c build/default/production/_ext/1798121363/kha-stack.o
                0x0000000000004d38                kha_stack_crc32
 .text.kha_stack_crc32_flash_and_store
                0x0000000000004d84       0xb0 build/default/production/_ext/1798121363/kha-stack.o
                0x0000000000004d84                kha_stack_crc32_flash_and_store
 .text.kha_stack_msg_match
                0x0000000000004e34       0x28 build/default/production/_ext/1798121363/kha-stack.o
                0x0000000000004e34                kha_stack_msg_match
 .text.kha_stack_msg_addr_type
                0x0000000000004e5c       0x30 build/default/production/_ext/1798121363/kha-stack.o
                0x0000000000004e5c                kha_stack_msg_addr_type
 .text.kha_stack_device_address_get
                0x0000000000004e8c        0x6 build/default/production/_ext/1798121363/kha-stack.o
                0x0000000000004e8c                kha_stack_device_address_get
 .text.kha_stack_register_cbr_change
                0x0000000000004e92        0xa build/default/production/_ext/1798121363/kha-stack.o
                0x0000000000004e92                kha_stack_register_cbr_change
 .text.kha_stack_rx_cbr_msg_all_post
                0x0000000000004e9c        0xa build/default/production/_ext/1798121363/kha-stack.o
                0x0000000000004e9c                kha_stack_rx_cbr_msg_all_post
 .text.kha_stack_tx_create
                0x0000000000004ea6       0xba build/default/production/_ext/1798121363/kha-stack.o
                0x0000000000004ea6                kha_stack_tx_create
 .text.kha_stack_log
                0x0000000000004f60       0x62 build/default/production/_ext/1798121363/kha-stack.o
                0x0000000000004f60                kha_stack_log
 .text.kha_stack_stats_clear
                0x0000000000004fc2       0x22 build/default/production/_ext/1798121363/kha-stack.o
                0x0000000000004fc2                kha_stack_stats_clear
 .text.kha_stack_register_get
                0x0000000000004fe4       0x34 build/default/production/_ext/1798121363/kha-stack.o
                0x0000000000004fe4                kha_stack_register_get
 .text.kha_stack_register_set
                0x0000000000005018       0x82 build/default/production/_ext/1798121363/kha-stack.o
                0x0000000000005018                kha_stack_register_set
 .text.kha_stack_register_wipe
                0x000000000000509a       0x32 build/default/production/_ext/1798121363/kha-stack.o
                0x000000000000509a                kha_stack_register_wipe
 .text.kha_stack_register_store
                0x00000000000050cc       0x54 build/default/production/_ext/1798121363/kha-stack.o
                0x00000000000050cc                kha_stack_register_store
 .text.kha_stack_register_load
                0x0000000000005120       0x66 build/default/production/_ext/1798121363/kha-stack.o
                0x0000000000005120                kha_stack_register_load
 .text.kha_stack_tx_add
                0x0000000000005186       0x6e build/default/production/_ext/1798121363/kha-stack.o
                0x0000000000005186                kha_stack_tx_add
 .text.kha_stack_ui_enable
                0x00000000000051f4       0x30 build/default/production/_ext/1798121363/kha-stack.o
                0x00000000000051f4                kha_stack_ui_enable
 .text.kha_stack_preset_set
                0x0000000000005224       0x96 build/default/production/_ext/1798121363/kha-stack.o
                0x0000000000005224                kha_stack_preset_set
 .text.kha_stack_send_ident_or_up
                0x00000000000052ba       0xf2 build/default/production/_ext/1798121363/kha-stack.o
                0x00000000000052ba                kha_stack_send_ident_or_up
 .text.kha_stack_process_cmd
                0x00000000000053ac      0x564 build/default/production/_ext/1798121363/kha-stack.o
                0x00000000000053ac                kha_stack_process_cmd
 .text.kha_process_rx
                0x0000000000005910       0x6c build/default/production/_ext/1798121363/kha-stack.o
                0x0000000000005910                kha_process_rx
 .text.kha_stack_process_rx
                0x000000000000597c      0x154 build/default/production/_ext/1798121363/kha-stack.o
                0x000000000000597c                kha_stack_process_rx
 .text.kha_stack_tx_remove
                0x0000000000005ad0       0x3e build/default/production/_ext/1798121363/kha-stack.o
                0x0000000000005ad0                kha_stack_tx_remove
 .text.kha_stack_process_tx
                0x0000000000005b0e      0x132 build/default/production/_ext/1798121363/kha-stack.o
                0x0000000000005b0e                kha_stack_process_tx
 .text.kha_stack_process_rx_tx
                0x0000000000005c40        0xe build/default/production/_ext/1798121363/kha-stack.o
                0x0000000000005c40                kha_stack_process_rx_tx
 .text.kha_stack_init_register
                0x0000000000005c4e       0x56 build/default/production/_ext/1798121363/kha-stack.o
                0x0000000000005c4e                kha_stack_init_register
 .text.kha_stack_init_userrow
                0x0000000000005ca4      0x100 build/default/production/_ext/1798121363/kha-stack.o
                0x0000000000005ca4                kha_stack_init_userrow
 .text.kha_stack_init_version_and_crc
                0x0000000000005da4       0x84 build/default/production/_ext/1798121363/kha-stack.o
                0x0000000000005da4                kha_stack_init_version_and_crc
 .text.kha_stack_manual_interaction_occured
                0x0000000000005e28       0x20 build/default/production/_ext/1798121363/kha-stack.o
                0x0000000000005e28                kha_stack_manual_interaction_occured
 .text.kha_stack_init
                0x0000000000005e48       0xa0 build/default/production/_ext/1798121363/kha-stack.o
                0x0000000000005e48                kha_stack_init
 .text.libgcc.mul
                0x0000000000005ee8       0x1e c:/users/kiu/documents/projects/avr8-gnu-toolchain-win32_x86_64/bin/../lib/gcc/avr/7.3.0/avrxmega2\libgcc.a(_umulhisi3.o)
                0x0000000000005ee8                __umulhisi3
 .text.avr-libc
                0x0000000000005f06       0x12 c:/users/kiu/documents/projects/avr8-gnu-toolchain-win32_x86_64/bin/../lib/gcc/avr/7.3.0/../../../../avr/lib/avrxmega2\libc.a(memcpy.o)
                0x0000000000005f06                memcpy
 .text.avr-libc
                0x0000000000005f18        0xe c:/users/kiu/documents/projects/avr8-gnu-toolchain-win32_x86_64/bin/../lib/gcc/avr/7.3.0/../../../../avr/lib/avrxmega2\libc.a(memset.o)
                0x0000000000005f18                memset
                0x0000000000005f26                . = ALIGN (0x2)
 *(.fini9)
 .fini9         0x0000000000005f26        0x0 c:/users/kiu/documents/projects/avr8-gnu-toolchain-win32_x86_64/bin/../lib/gcc/avr/7.3.0/avrxmega2\libgcc.a(_exit.o)
                0x0000000000005f26                _exit
                0x0000000000005f26                exit
 *(.fini9)
 *(.fini8)
 *(.fini8)
 *(.fini7)
 *(.fini7)
 *(.fini6)
 *(.fini6)
 *(.fini5)
 *(.fini5)
 *(.fini4)
 *(.fini4)
 *(.fini3)
 *(.fini3)
 *(.fini2)
 *(.fini2)
 *(.fini1)
 *(.fini1)
 *(.fini0)
 .fini0         0x0000000000005f26        0x4 c:/users/kiu/documents/projects/avr8-gnu-toolchain-win32_x86_64/bin/../lib/gcc/avr/7.3.0/avrxmega2\libgcc.a(_exit.o)
 *(.fini0)
                0x0000000000005f2a                _etext = .

.data           0x0000000000806000       0x1a load address 0x0000000000005f2a
                0x0000000000806000                PROVIDE (__data_start, .)
 *(.data)
 *(.data*)
 .data.kha_stack_tx_enable
                0x0000000000806000        0x1 build/default/production/_ext/1798121363/kha-stack.o
 .data.kha_stack_preset_value
                0x0000000000806001        0x1 build/default/production/_ext/1798121363/kha-stack.o
 .data.kha_stack_register_len
                0x0000000000806002        0x1 build/default/production/_ext/1798121363/kha-stack.o
 .data.kha_stack_dev_group
                0x0000000000806003        0x1 build/default/production/_ext/1798121363/kha-stack.o
 .data.kha_stack_dev_addr
                0x0000000000806004        0x1 build/default/production/_ext/1798121363/kha-stack.o
 .data.kha_stack_board_rev
                0x0000000000806005        0x1 build/default/production/_ext/1798121363/kha-stack.o
 .data.kha_stack_board_type
                0x0000000000806006        0x1 build/default/production/_ext/1798121363/kha-stack.o
 .data.kha_stack_ui_enabled_state
                0x0000000000806007        0x1 build/default/production/_ext/1798121363/kha-stack.o
 *(.gnu.linkonce.d*)
 *(.rodata)
 *(.rodata*)
 .rodata.DIGITS
                0x0000000000806008       0x11 build/default/production/main.o
 *(.gnu.linkonce.r*)
                0x000000000080601a                . = ALIGN (0x2)
 *fill*         0x0000000000806019        0x1 
                0x000000000080601a                _edata = .
                0x000000000080601a                PROVIDE (__data_end, .)

.bss            0x000000000080601a      0xa8f
                0x000000000080601a                PROVIDE (__bss_start, .)
 *(.bss)
 *(.bss*)
 .bss.IO_CS_InterruptHandler
                0x000000000080601a        0x2 build/default/production/mcc_generated_files/system/src/pins.o
 .bss.IO_CLK_InterruptHandler
                0x000000000080601c        0x2 build/default/production/mcc_generated_files/system/src/pins.o
 .bss.IO_DAT_InterruptHandler
                0x000000000080601e        0x2 build/default/production/mcc_generated_files/system/src/pins.o
 .bss.IO_BTN_CLEAR_InterruptHandler
                0x0000000000806020        0x2 build/default/production/mcc_generated_files/system/src/pins.o
 .bss.IO_PA3_InterruptHandler
                0x0000000000806022        0x2 build/default/production/mcc_generated_files/system/src/pins.o
 .bss.IO_PA0_InterruptHandler
                0x0000000000806024        0x2 build/default/production/mcc_generated_files/system/src/pins.o
 .bss.IO_PA1_InterruptHandler
                0x0000000000806026        0x2 build/default/production/mcc_generated_files/system/src/pins.o
 .bss.RTC_PIT_isr_cb
                0x0000000000806028        0x2 build/default/production/mcc_generated_files/timer/src/rtc.o
                0x0000000000806028                RTC_PIT_isr_cb
 .bss.RTC_CMP_isr_cb
                0x000000000080602a        0x2 build/default/production/mcc_generated_files/timer/src/rtc.o
                0x000000000080602a                RTC_CMP_isr_cb
 .bss.RTC_OVF_isr_cb
                0x000000000080602c        0x2 build/default/production/mcc_generated_files/timer/src/rtc.o
                0x000000000080602c                RTC_OVF_isr_cb
 .bss.TCA0_CMP0Callback
                0x000000000080602e        0x2 build/default/production/mcc_generated_files/timer/src/tca0.o
 .bss.USART0_RxCompleteInterruptHandler
                0x0000000000806030        0x2 build/default/production/mcc_generated_files/uart/src/usart0.o
 .bss.USART0_ParityErrorHandler
                0x0000000000806032        0x2 build/default/production/mcc_generated_files/uart/src/usart0.o
 .bss.USART0_OverrunErrorHandler
                0x0000000000806034        0x2 build/default/production/mcc_generated_files/uart/src/usart0.o
 .bss.USART0_FramingErrorHandler
                0x0000000000806036        0x2 build/default/production/mcc_generated_files/uart/src/usart0.o
 .bss.usart0RxLastError
                0x0000000000806038        0x2 build/default/production/mcc_generated_files/uart/src/usart0.o
 .bss.usart0RxStatusBuffer
                0x000000000080603a      0x400 build/default/production/mcc_generated_files/uart/src/usart0.o
 .bss.usart0RxBuffer
                0x000000000080643a      0x200 build/default/production/mcc_generated_files/uart/src/usart0.o
 .bss.usart0RxCount
                0x000000000080663a        0x2 build/default/production/mcc_generated_files/uart/src/usart0.o
 .bss.usart0RxTail
                0x000000000080663c        0x2 build/default/production/mcc_generated_files/uart/src/usart0.o
 .bss.usart0RxHead
                0x000000000080663e        0x2 build/default/production/mcc_generated_files/uart/src/usart0.o
 .bss.key_down  0x0000000000806640        0x1 build/default/production/main.o
 .bss.key_state
                0x0000000000806641        0x1 build/default/production/main.o
 .bss.manual_interaction
                0x0000000000806642        0x1 build/default/production/main.o
 .bss.tick      0x0000000000806643        0x4 build/default/production/main.o
 .bss.period_10ms
                0x0000000000806647        0x4 build/default/production/main.o
 .bss.tx_error  0x000000000080664b        0x1 build/default/production/main.o
 .bss.rx_error  0x000000000080664c        0x1 build/default/production/main.o
 .bss.dataAvailable
                0x000000000080664d        0x1 build/default/production/main.o
 .bss.sendRequest
                0x000000000080664e        0x1 build/default/production/main.o
 .bss.sendClear
                0x000000000080664f        0x1 build/default/production/main.o
 .bss.kha_stack_tx_cbh_msg_all
                0x0000000000806650        0x2 build/default/production/_ext/1798121363/kha-stack.o
 .bss.kha_stack_tx_block_index
                0x0000000000806652        0x2 build/default/production/_ext/1798121363/kha-stack.o
 .bss.kha_stack_tx_queue
                0x0000000000806654      0x2da build/default/production/_ext/1798121363/kha-stack.o
 .bss.kha_stack_rx_cbh_msg_unprocessed
                0x000000000080692e        0x2 build/default/production/_ext/1798121363/kha-stack.o
 .bss.kha_stack_rx_cbh_msg_matched
                0x0000000000806930        0x2 build/default/production/_ext/1798121363/kha-stack.o
 .bss.kha_stack_rx_cbh_msg_all_post
                0x0000000000806932        0x2 build/default/production/_ext/1798121363/kha-stack.o
 .bss.kha_stack_rx_cbh_msg_all
                0x0000000000806934        0x2 build/default/production/_ext/1798121363/kha-stack.o
 .bss.kha_stack_rx_buf_escape_detected
                0x0000000000806936        0x1 build/default/production/_ext/1798121363/kha-stack.o
 .bss.kha_stack_rx_buf_idx
                0x0000000000806937        0x1 build/default/production/_ext/1798121363/kha-stack.o
 .bss.kha_stack_rx_buf
                0x0000000000806938       0x48 build/default/production/_ext/1798121363/kha-stack.o
 .bss.kha_stack_rx_buf_state
                0x0000000000806980        0x1 build/default/production/_ext/1798121363/kha-stack.o
 .bss.kha_stack_preset_cbh_change
                0x0000000000806981        0x2 build/default/production/_ext/1798121363/kha-stack.o
 .bss.kha_stack_register_preset_bytes
                0x0000000000806983        0x1 build/default/production/_ext/1798121363/kha-stack.o
 .bss.kha_stack_register_preset_start
                0x0000000000806984        0x1 build/default/production/_ext/1798121363/kha-stack.o
 .bss.kha_stack_register_buf
                0x0000000000806985       0xee build/default/production/_ext/1798121363/kha-stack.o
 .bss.kha_stack_register_cbh_change
                0x0000000000806a73        0x2 build/default/production/_ext/1798121363/kha-stack.o
 .bss.kha_stack_app_led_hsi_cbh
                0x0000000000806a75        0x2 build/default/production/_ext/1798121363/kha-stack.o
 .bss.kha_stack_app_led_animation_cbh
                0x0000000000806a77        0x2 build/default/production/_ext/1798121363/kha-stack.o
 .bss.kha_stack_userrow
                0x0000000000806a79       0x20 build/default/production/_ext/1798121363/kha-stack.o
 .bss.kha_stack_ui_cbh_change
                0x0000000000806a99        0x2 build/default/production/_ext/1798121363/kha-stack.o
 .bss.kha_stack_debug
                0x0000000000806a9b        0x1 build/default/production/_ext/1798121363/kha-stack.o
 .bss.kha_stack_cbh_log
                0x0000000000806a9c        0x2 build/default/production/_ext/1798121363/kha-stack.o
 .bss.kha_stack_stats
                0x0000000000806a9e        0x8 build/default/production/_ext/1798121363/kha-stack.o
 .bss.kha_stack_bootloader
                0x0000000000806aa6        0x1 build/default/production/_ext/1798121363/kha-stack.o
 *(COMMON)
 COMMON         0x0000000000806aa7        0x2 build/default/production/mcc_generated_files/uart/src/usart0.o
                0x0000000000806aa7                USART0_RxInterruptHandler
                0x0000000000806aa9                PROVIDE (__bss_end, .)
                0x0000000000005f2a                __data_load_start = LOADADDR (.data)
                0x0000000000005f44                __data_load_end = (__data_load_start + SIZEOF (.data))

.noinit         0x0000000000806aa9        0x0
                [!provide]                        PROVIDE (__noinit_start, .)
 *(.noinit*)
                [!provide]                        PROVIDE (__noinit_end, .)
                0x0000000000806aa9                _end = .
                [!provide]                        PROVIDE (__heap_start, .)

.eeprom         0x0000000000810000        0x0
 *(.eeprom*)
                0x0000000000810000                __eeprom_end = .

.fuse           0x0000000000820000        0x9
 *(.fuse)
 .fuse          0x0000000000820000        0x9 build/default/production/mcc_generated_files/system/src/config_bits.o
                0x0000000000820000                __fuse
 *(.lfuse)
 *(.hfuse)
 *(.efuse)

.lock
 *(.lock*)

.signature
 *(.signature*)

.user_signatures
 *(.user_signatures*)

.stab
 *(.stab)

.stabstr
 *(.stabstr)

.stab.excl
 *(.stab.excl)

.stab.exclstr
 *(.stab.exclstr)

.stab.index
 *(.stab.index)

.stab.indexstr
 *(.stab.indexstr)

.comment        0x0000000000000000       0x30
 *(.comment)
 .comment       0x0000000000000000       0x30 build/default/production/mcc_generated_files/nvm/src/nvm.o
                                         0x31 (size before relaxing)
 .comment       0x0000000000000030       0x31 build/default/production/mcc_generated_files/system/src/config_bits.o
 .comment       0x0000000000000030       0x31 build/default/production/mcc_generated_files/system/src/system.o
 .comment       0x0000000000000030       0x31 build/default/production/mcc_generated_files/system/src/pins.o
 .comment       0x0000000000000030       0x31 build/default/production/mcc_generated_files/system/src/clock.o
 .comment       0x0000000000000030       0x31 build/default/production/mcc_generated_files/system/src/interrupt.o
 .comment       0x0000000000000030       0x31 build/default/production/mcc_generated_files/timer/src/rtc.o
 .comment       0x0000000000000030       0x31 build/default/production/mcc_generated_files/timer/src/delay.o
 .comment       0x0000000000000030       0x31 build/default/production/mcc_generated_files/timer/src/tca0.o
 .comment       0x0000000000000030       0x31 build/default/production/mcc_generated_files/uart/src/usart0.o
 .comment       0x0000000000000030       0x31 build/default/production/main.o
 .comment       0x0000000000000030       0x31 build/default/production/_ext/1798121363/kha-stack.o

.note.gnu.avr.deviceinfo
                0x0000000000000000       0x3c
 .note.gnu.avr.deviceinfo
                0x0000000000000000       0x3c C:/Program Files/Microchip/MPLABX/v6.20/packs/Microchip/AVR-Dx_DFP/2.4.286/gcc/dev/avr64dd32/avrxmega2/crtavr64dd32.o

.note.gnu.build-id
 *(.note.gnu.build-id)

.debug
 *(.debug)

.line
 *(.line)

.debug_srcinfo
 *(.debug_srcinfo)

.debug_sfnames
 *(.debug_sfnames)

.debug_aranges
 *(.debug_aranges)

.debug_pubnames
 *(.debug_pubnames)

.debug_info
 *(.debug_info .gnu.linkonce.wi.*)

.debug_abbrev
 *(.debug_abbrev)

.debug_line
 *(.debug_line .debug_line.* .debug_line_end)

.debug_frame
 *(.debug_frame)

.debug_str
 *(.debug_str)

.debug_loc
 *(.debug_loc)

.debug_macinfo
 *(.debug_macinfo)

.debug_weaknames
 *(.debug_weaknames)

.debug_funcnames
 *(.debug_funcnames)

.debug_typenames
 *(.debug_typenames)

.debug_varnames
 *(.debug_varnames)

.debug_pubtypes
 *(.debug_pubtypes)

.debug_ranges
 *(.debug_ranges)

.debug_macro
 *(.debug_macro)
OUTPUT(dist/default/production/kha-bgt-guru.X.production.elf elf32-avr)
LOAD linker stubs
